Godot Engine v4.7.2.stable.mono.official.ed1daf0bf - https://godotengine.org
WARNING: Could not set V-Sync mode, as changing V-Sync mode is not supported by the graphics driver.
     at: set_use_vsync (platform/linuxbsd/x11/gl_manager_x11.cpp:372)
OpenGL API 4.5 (Core Profile) Mesa 25.2.8-0ubuntu0.24.04.2 - Compatibility - Using Device: Mesa - llvmpipe (LLVM 20.1.2, 256 bits)
libpulse.so.0: cannot open shared object file: No such file or directory
libpulse.so.0: cannot open shared object file: No such file or directory
ALSA lib confmisc.c:855:(parse_card) cannot find card '0'
ALSA lib conf.c:5208:(_snd_config_evaluate) function snd_func_card_inum returned error: No such file or directory
ALSA lib confmisc.c:422:(snd_func_concat) error evaluating strings
ALSA lib conf.c:5208:(_snd_config_evaluate) function snd_func_concat returned error: No such file or directory
ALSA lib confmisc.c:1342:(snd_func_refer) error evaluating name
ALSA lib conf.c:5208:(_snd_config_evaluate) function snd_func_refer returned error: No such file or directory
ALSA lib conf.c:5731:(snd_config_expand) Evaluate error: No such file or directory
ALSA lib pcm.c:2721:(snd_pcm_open_noupdate) Unknown PCM default
ERROR: Condition "status < 0" is true. Returning: ERR_CANT_OPEN
   at: init_output_device (drivers/alsa/audio_driver_alsa.cpp:97)
WARNING: All audio drivers failed, falling back to the dummy driver.
     at: initialize (servers/audio/audio_server.cpp:258)

[TUNEL] L1_A flat-preview: rezydentne 2/12 chunków w oknie [-206.0, 694.0] m, 22 siatek, wczytań 2 zwolnień 0, profil box_double 9.40×5.90 m, production_ready=False
[PERON] brył=48 góra płyty=1.031 m nad główką szyny, obwiednia 5456.1 x 1.03 x 1992.4 m
[SKŁAD] brył=11 długość=94.000 m szerokość=2.700 m dach=3.600 m nad główką szyny
[KABINA] brył=12 rozpiętość=93.300 m podłoga=1.030 m strop=3.140 m nad główką szyny; UKŁAD KANONICZNY, nie kabina M7
[OŚ] manifest 6686.739 m vs oś z rdzenia 6686.739 m, |Δ| = 1.335E-005 m
[PRZEJAZD] tryb=shot widok=Outside scenariusz=package-a-first-run krok=1/120 s masa=221940 kg limit=80.0 km/h
[OŚ] L1_A: 1349 punktów, 6686.739 m, 12 stacji
[ZAŁOŻENIE scenariusz] StartChainageM = 94 — chainage czoła składu na starcie; równe długości M7 (94,0 m), żeby cały skład stał na osi
[ZAŁOŻENIE scenariusz] BrakeChainageM = 6420 — chainage podania hamulca służbowego; dobrany do zmierzonej drogi hamowania 240,5 m
[ZAŁOŻENIE widok] CabEyeHeightM = 2.2 m — wysokość oka nad główką szyny; podłoga M7 jest na 1,03 m (spec), reszta to postawa siedzącego maszynisty — STIB nie publikuje rysunku pulpitu
[ZAŁOŻENIE widok] CabEyeSetbackM = 1.8 m — odsunięcie oka od czoła; mieści się w strefie kabiny 3,60 m z m7_layout.py, ale samo w sobie nie ma źródła
[ZAŁOŻENIE widok] CabEyeLateralM = 0 m — oko na osi pudła; rozmieszczenie pulpitu M7 nie jest publiczne, a zgadnięta strona byłaby zgadniętym faktem
[ZAŁOŻENIE widok] CabFovDeg = 70 ° — kąt widzenia kamery kabinowej; parametr obrazu, nie wymiar pojazdu
[ZAŁOŻENIE widok] ChaseBehindM = 12 m — kamera obserwacyjna za ogonem, wewnątrz tunelu; dobrana tak, żeby ogon składu i przekrój tunelu zmieściły się w kadrze
[ZAŁOŻENIE widok] ChaseRevealFromM = 110 m — kilometraż, po minięciu którego odsłania się widok goniący; DECYZJA właściciela z 07.09.2026, nie wynik pomiaru — pomiar co 2 m z 09.09.2026 mówi, że czysty kadr zaczyna się już na 98 m (96 m → 46,67 % pikseli jaśniejszych niż 0,80 w górnych 60 % kadru, 98 m i dalej → 0,00 %), a pełne ChaseBehindM odstępu wraca na 106 m; 110 m jest o 12 m ostrożniejsze od pomiaru i to jest wybór właściciela
[ZAŁOŻENIE widok] ChaseHeightM = 2.6 m — wysokość kamery obserwacyjnej; z zapasem pod stropem tunelu 4,70 m nad główką szyny
[ZAŁOŻENIE widok] OutsideAheadM = 26 m — kamera kontrolna przed czołem składu; wyłącznie do oglądania geometrii, nie jest widokiem gry
[ZAŁOŻENIE widok] OutsideLateralM = -4.2 m — kamera kontrolna na sąsiednim torze (−4,20 m to rozstaw torów profilu box_double); pokazuje skład z boku razem ze ścianą tunelu
[ZAŁOŻENIE widok] OutsideHeightM = 2.6 m — wysokość kamery kontrolnej; jak wyżej
[ZAŁOŻENIE widok] InspectStandoffM = 6.32 m — wyprowadzone: 5,90 / (2·tan 35°) = 4,2130 m wypełnia kadr dokładnie, zapas 1,50×
[ZAŁOŻENIE widok] InspectHeightM = 1.75 m — środek przekroju box_double: (−1,20 + 4,70) / 2 — kadr na rurze, nie na główce szyny
[ZAŁOŻENIE widok] InspectLateralM = 0 m — na osi tunelu, żeby niesymetryczność geometrii czytała się jako niesymetryczność
[ZAŁOŻENIE widok] ControlNotchRatePerSecond = 0.8 1/s — tempo przestawiania nastawnika; czułość sterowania jest decyzją o obsłudze, nie parametrem M7
[ZAŁOŻENIE widok] TrackOffsetM = 2.1 m — oś toru względem osi trasy; wartość z profiles.py (design), a wybór prawego toru nie ma źródła — ACTU_LIGNES_BRUTES to trasa handlowa, nie geometria tor-po-torze
[ZAŁOŻENIE widok] StationStopWindowM = 5 m — okno rozpoznania stacji, nie dokładność zatrzymania; ta sama liczba co LineRunSettings.StopWindowM w T-401, a górne ograniczenie to połowa peronu 95,0 m, czyli 47,5 m — 5,0 m to 10,5 % tej połowy
[ZAŁOŻENIE widok] PassengerExchangeSeconds = 8 s — wymiana pasażerów; brak źródła (T-312), T-113 ogranicza od góry do 10,5 s przy medianowym postoju 19 s
[ZAŁOŻENIE widok] LineBrakeUsageFraction = 1 - — ułamek hamulca służbowego, przy którym autopilot --line zaczyna hamować; brak źródła, ta sama liczba co przejazd referencyjny T-401
[ZAŁOŻENIE widok] HeadlightRangeM = 70 m — zasięg reflektora; parametr oświetlenia sceny, nie dane o taborze
[ZAŁOŻENIE widok] HeadlightEnergy = 2.5 - — jasność reflektora; jak wyżej
[ZRZUT] metadane /tmp/metro-visual-capture/build/t400/visual-extra/PARC_metadata.json
[ZRZUT] /tmp/metro-visual-capture/build/t400/visual-extra/PARC_platform_outside.png 1280x720 err=Ok widok=Outside kroków=23077 chainage=4075.1 m v=80.0 km/h
